// Vitest Snapshot v1

exports[`find expose > 
    [
      {
        "code": "export const name",
        "declaration": "const",
        "end": 22,
        "name": "name",
        "names": [
          "name",
        ],
        "start": 5,
        "type": "declaration",
      },
      {
        "code": "export function testfnc",
        "declaration": "function",
        "end": 59,
        "name": "testfnc",
        "names": [
          "testfnc",
        ],
        "start": 36,
        "type": "declaration",
      },
      {
        "code": "export { a, b }",
        "end": 160,
        "exports": " a, b",
        "names": [
          "a",
          "b",
        ],
        "specifier": undefined,
        "start": 145,
        "type": "named",
      },
    ]
   1`] = `
[
  {
    "code": "export const name",
    "declaration": "const",
    "end": 22,
    "name": "name",
    "names": [
      "name",
    ],
    "start": 5,
    "type": "declaration",
  },
  {
    "code": "export function testfnc",
    "declaration": "function",
    "end": 59,
    "name": "testfnc",
    "names": [
      "testfnc",
    ],
    "start": 36,
    "type": "declaration",
  },
  {
    "code": "export { a, b }",
    "end": 160,
    "exports": " a, b",
    "names": [
      "a",
      "b",
    ],
    "specifier": undefined,
    "start": 145,
    "type": "named",
  },
  {
    "code": "export default ",
    "end": 199,
    "name": "default",
    "names": [
      "default",
    ],
    "start": 184,
    "type": "default",
  },
  {
    "code": "export * from './file'",
    "end": 228,
    "name": undefined,
    "specifier": "./file",
    "start": 206,
    "type": "star",
  },
]
`;
